// Jest Snapshot v1, https://goo.gl/fbAQLP

exports[`CommitsTable snapshots renders 1`] = `
.c1 {
  display: -webkit-box;
  display: -webkit-flex;
  display: -ms-flexbox;
  display: flex;
  -webkit-flex-direction: row;
  -ms-flex-direction: row;
  flex-direction: row;
  -webkit-align-items: center;
  -webkit-box-align: center;
  -ms-flex-align: center;
  align-items: center;
  -webkit-box-pack: start;
  -webkit-justify-content: flex-start;
  -ms-flex-pack: start;
  justify-content: flex-start;
}

.c5 {
  display: -webkit-box;
  display: -webkit-flex;
  display: -ms-flexbox;
  display: flex;
  -webkit-flex-direction: row;
  -ms-flex-direction: row;
  flex-direction: row;
  -webkit-align-items: center;
  -webkit-box-align: center;
  -ms-flex-align: center;
  align-items: center;
  -webkit-box-pack: space-evenly;
  -webkit-justify-content: space-evenly;
  -ms-flex-pack: space-evenly;
  justify-content: space-evenly;
}

.c2.MuiButton-root {
  line-height: 1;
  border-radius: 2px;
  font-weight: 600;
}

.c2.MuiButton-outlined {
  padding: 8px 12px;
  border-color: #d8d8d8;
}

.c8 {
  font-family: 'proxima-nova',Helvetica,Arial,sans-serif;
  font-size: 16px;
  font-weight: 400;
  text-transform: none;
  font-style: normal;
}

.c11 {
  font-family: 'proxima-nova',Helvetica,Arial,sans-serif;
  font-size: 16px;
  font-weight: 400;
  text-transform: none;
  font-style: normal;
  color: #00b3ec;
}

.c6 svg {
  fill: !important;
  height: 16px;
  width: 16px;
}

.c6.downward {
  -webkit-transform: rotate(180deg);
  -ms-transform: rotate(180deg);
  transform: rotate(180deg);
}

.c6.upward {
  -webkit-transform: initial;
  -ms-transform: initial;
  transform: initial;
}

.c6 .c7 {
  margin-left: 4px;
}

.c10 {
  -webkit-text-decoration: none;
  text-decoration: none;
}

.c10.title-bar-button {
  width: 250px;
}

.c4 {
  padding: 4px;
}

.c12 {
  padding: 8px;
}

.c3.MuiButton-root {
  padding: 0;
  margin: 0;
  text-transform: none;
}

.c3.MuiButton-text {
  min-width: 0px;
}

.c3.MuiButton-text .selected {
  color: #1a1a1a;
}

.c3.arrow {
  min-width: 0px;
}

.c0 h2 {
  font-size: 14px;
  font-weight: 600;
  color: #737373;
  margin: 0px;
}

.c0 .MuiTableRow-root {
  -webkit-transition: background 0.5s ease-in-out;
  transition: background 0.5s ease-in-out;
}

.c0 .MuiTableRow-root:not(.MuiTableRow-head):hover {
  background: #f5f5f5;
  -webkit-transition: background 0.5s ease-in-out;
  transition: background 0.5s ease-in-out;
}

.c0 .c9 .c7 {
  font-size: 14px;
}

.c0 td {
  white-space: nowrap;
  overflow: hidden;
  text-overflow: ellipsis;
}

.c0 table {
  width: 100%;
}

<div
  class=""
>
  <div
    class="c0"
  >
    <div
      class="MuiTableContainer-root"
    >
      <table
        aria-label="simple table"
        class="MuiTable-root"
      >
        <thead
          class="MuiTableHead-root"
        >
          <tr
            class="MuiTableRow-root MuiTableRow-head"
          >
            <th
              class="MuiTableCell-root MuiTableCell-head"
              scope="col"
            >
              <h2>
                SHA
              </h2>
            </th>
            <th
              class="MuiTableCell-root MuiTableCell-head"
              scope="col"
            >
              <div
                class="c1"
              >
                <button
                  class="MuiButtonBase-root MuiButton-root MuiButton-text c2 c3 MuiButton-colorInherit MuiButton-disableElevation"
                  tabindex="0"
                  type="button"
                >
                  <span
                    class="MuiButton-label"
                  >
                    <h2
                      class="selected"
                    >
                      Date
                    </h2>
                  </span>
                  <span
                    class="MuiTouchRipple-root"
                  />
                </button>
                <div
                  class="c4"
                />
                <div
                  class="c5 c6 downward"
                >
                  <svg
                    aria-hidden="true"
                    class="MuiSvgIcon-root"
                    focusable="false"
                    viewBox="0 0 24 24"
                  >
                    <path
                      d="M4 12l1.41 1.41L11 7.83V20h2V7.83l5.58 5.59L20 12l-8-8-8 8z"
                    />
                  </svg>
                </div>
              </div>
            </th>
            <th
              class="MuiTableCell-root MuiTableCell-head"
              scope="col"
            >
              <h2>
                Message
              </h2>
            </th>
            <th
              class="MuiTableCell-root MuiTableCell-head"
              scope="col"
            >
              <h2>
                Author
              </h2>
            </th>
          </tr>
        </thead>
        <tbody
          class="MuiTableBody-root"
        >
          <tr
            class="MuiTableRow-root"
          >
            <td
              class="MuiTableCell-root MuiTableCell-body"
            >
              <span
                class="c7 c8"
              >
                <a
                  class="c9 c10"
                  href="/"
                >
                  <span
                    class="c7 c11"
                    color="primary"
                  >
                    123abc
                  </span>
                </a>
              </span>
            </td>
            <td
              class="MuiTableCell-root MuiTableCell-body"
            >
              <span
                class="c7 c8"
              >
                test timestamp
              </span>
            </td>
            <td
              class="MuiTableCell-root MuiTableCell-body"
            >
              <span
                class="c7 c8"
              />
            </td>
            <td
              class="MuiTableCell-root MuiTableCell-body"
            >
              <span
                class="c7 c8"
              >
                Example User
              </span>
            </td>
          </tr>
        </tbody>
      </table>
    </div>
    <div
      class="c12"
    />
  </div>
</div>
`;
