// Jest Snapshot v1, https://goo.gl/fbAQLP

exports[`DataTable snapshots renders 1`] = `
.c2.MuiButton-root {
  line-height: 1;
  border-radius: 2px;
  font-weight: 600;
}

.c2.MuiButton-outlined {
  padding: 8px 12px;
  border-color: #d8d8d8;
}

.c1 {
  display: -webkit-box;
  display: -webkit-flex;
  display: -ms-flexbox;
  display: flex;
  -webkit-flex-direction: row;
  -ms-flex-direction: row;
  flex-direction: row;
  -webkit-align-items: center;
  -webkit-box-align: center;
  -ms-flex-align: center;
  align-items: center;
  -webkit-box-pack: start;
  -webkit-justify-content: flex-start;
  -ms-flex-pack: start;
  justify-content: flex-start;
}

.c5 {
  display: -webkit-box;
  display: -webkit-flex;
  display: -ms-flexbox;
  display: flex;
  -webkit-flex-direction: row;
  -ms-flex-direction: row;
  flex-direction: row;
  -webkit-align-items: center;
  -webkit-box-align: center;
  -ms-flex-align: center;
  align-items: center;
  -webkit-box-pack: space-evenly;
  -webkit-justify-content: space-evenly;
  -ms-flex-pack: space-evenly;
  justify-content: space-evenly;
}

.c8 {
  font-family: 'proxima-nova',Helvetica,Arial,sans-serif;
  font-size: 16px;
  font-weight: 400;
  text-transform: none;
  font-style: normal;
}

.c6 svg {
  fill: !important;
  height: 16px;
  width: 16px;
}

.c6.downward {
  -webkit-transform: rotate(180deg);
  -ms-transform: rotate(180deg);
  transform: rotate(180deg);
}

.c6.upward {
  -webkit-transform: initial;
  -ms-transform: initial;
  transform: initial;
}

.c6 .c7 {
  margin-left: 4px;
}

.c4 {
  padding: 4px;
}

.c9 {
  padding: 8px;
}

.c3.MuiButton-root {
  padding: 0;
  margin: 0;
  text-transform: none;
}

.c3.MuiButton-text {
  min-width: 0px;
}

.c3.MuiButton-text .selected {
  color: #1a1a1a;
}

.c3.arrow {
  min-width: 0px;
}

.c0 h2 {
  font-size: 14px;
  font-weight: 600;
  color: #737373;
  margin: 0px;
}

.c0 .MuiTableRow-root {
  -webkit-transition: background 0.5s ease-in-out;
  transition: background 0.5s ease-in-out;
}

.c0 .MuiTableRow-root:not(.MuiTableRow-head):hover {
  background: #f5f5f5;
  -webkit-transition: background 0.5s ease-in-out;
  transition: background 0.5s ease-in-out;
}

.c0 td {
  white-space: nowrap;
  overflow: hidden;
  text-overflow: ellipsis;
}

.c0 table {
  width: 100%;
}

<div
  className="c0"
>
  <div
    className="MuiTableContainer-root"
  >
    <table
      aria-label="simple table"
      className="MuiTable-root"
      role={null}
    >
      <thead
        className="MuiTableHead-root"
        role={null}
      >
        <tr
          className="MuiTableRow-root MuiTableRow-head"
          role={null}
        >
          <th
            aria-sort={null}
            className="MuiTableCell-root MuiTableCell-head"
            scope="col"
          >
            <div
              className="c1"
            >
              <button
                className="MuiButtonBase-root MuiButton-root MuiButton-text c2 c3 MuiButton-colorInherit MuiButton-disableElevation"
                disabled={false}
                onBlur={[Function]}
                onClick={[Function]}
                onDragLeave={[Function]}
                onFocus={[Function]}
                onKeyDown={[Function]}
                onKeyUp={[Function]}
                onMouseDown={[Function]}
                onMouseLeave={[Function]}
                onMouseUp={[Function]}
                onTouchEnd={[Function]}
                onTouchMove={[Function]}
                onTouchStart={[Function]}
                tabIndex={0}
                type="button"
              >
                <span
                  className="MuiButton-label"
                >
                  <h2
                    className="selected"
                  >
                    Name
                  </h2>
                </span>
              </button>
              <div
                className="c4"
              />
              <div
                className="c5 c6 downward"
              >
                <svg
                  aria-hidden={true}
                  className="MuiSvgIcon-root"
                  focusable="false"
                  viewBox="0 0 24 24"
                >
                  <path
                    d="M4 12l1.41 1.41L11 7.83V20h2V7.83l5.58 5.59L20 12l-8-8-8 8z"
                  />
                </svg>
              </div>
            </div>
          </th>
          <th
            aria-sort={null}
            className="MuiTableCell-root MuiTableCell-head"
            scope="col"
          >
            <div
              className="c1"
            >
              <button
                className="MuiButtonBase-root MuiButton-root MuiButton-text c2 c3 MuiButton-colorInherit MuiButton-disableElevation"
                disabled={false}
                onBlur={[Function]}
                onClick={[Function]}
                onDragLeave={[Function]}
                onFocus={[Function]}
                onKeyDown={[Function]}
                onKeyUp={[Function]}
                onMouseDown={[Function]}
                onMouseLeave={[Function]}
                onMouseUp={[Function]}
                onTouchEnd={[Function]}
                onTouchMove={[Function]}
                onTouchStart={[Function]}
                tabIndex={0}
                type="button"
              >
                <span
                  className="MuiButton-label"
                >
                  <h2
                    className=""
                  >
                    Status
                  </h2>
                </span>
              </button>
              <div
                className="c4"
              />
              <div
                style={
                  Object {
                    "width": "16px",
                  }
                }
              />
            </div>
          </th>
          <th
            aria-sort={null}
            className="MuiTableCell-root MuiTableCell-head"
            scope="col"
          >
            <div
              className="c1"
            >
              <button
                className="MuiButtonBase-root MuiButton-root MuiButton-text c2 c3 MuiButton-colorInherit MuiButton-disableElevation"
                disabled={false}
                onBlur={[Function]}
                onClick={[Function]}
                onDragLeave={[Function]}
                onFocus={[Function]}
                onKeyDown={[Function]}
                onKeyUp={[Function]}
                onMouseDown={[Function]}
                onMouseLeave={[Function]}
                onMouseUp={[Function]}
                onTouchEnd={[Function]}
                onTouchMove={[Function]}
                onTouchStart={[Function]}
                tabIndex={0}
                type="button"
              >
                <span
                  className="MuiButton-label"
                >
                  <h2
                    className=""
                  >
                    Last Updated
                  </h2>
                </span>
              </button>
              <div
                className="c4"
              />
              <div
                style={
                  Object {
                    "width": "16px",
                  }
                }
              />
            </div>
          </th>
          <th
            aria-sort={null}
            className="MuiTableCell-root MuiTableCell-head"
            scope="col"
          >
            <div
              className="c1"
            >
              <button
                className="MuiButtonBase-root MuiButton-root MuiButton-text c2 c3 MuiButton-colorInherit MuiButton-disableElevation"
                disabled={false}
                onBlur={[Function]}
                onClick={[Function]}
                onDragLeave={[Function]}
                onFocus={[Function]}
                onKeyDown={[Function]}
                onKeyUp={[Function]}
                onMouseDown={[Function]}
                onMouseLeave={[Function]}
                onMouseUp={[Function]}
                onTouchEnd={[Function]}
                onTouchMove={[Function]}
                onTouchStart={[Function]}
                tabIndex={0}
                type="button"
              >
                <span
                  className="MuiButton-label"
                >
                  <h2
                    className=""
                  >
                    Last Synced At
                  </h2>
                </span>
              </button>
              <div
                className="c4"
              />
              <div
                style={
                  Object {
                    "width": "16px",
                  }
                }
              />
            </div>
          </th>
        </tr>
      </thead>
      <tbody
        className="MuiTableBody-root"
        role={null}
      >
        <tr
          className="MuiTableRow-root"
          role={null}
        >
          <td
            aria-sort={null}
            className="MuiTableCell-root MuiTableCell-body"
          >
            <span
              className="c7 c8"
              size="normal"
            >
              <a
                href="/some_url"
              >
                nginx
              </a>
            </span>
          </td>
          <td
            aria-sort={null}
            className="MuiTableCell-root MuiTableCell-body"
          >
            <span
              className="c7 c8"
              size="normal"
            >
              Ready
            </span>
          </td>
          <td
            aria-sort={null}
            className="MuiTableCell-root MuiTableCell-body"
          >
            <span
              className="c7 c8"
              size="normal"
            >
              2004-01-02T15:04:05-0700
            </span>
          </td>
          <td
            aria-sort={null}
            className="MuiTableCell-root MuiTableCell-body"
          >
            <span
              className="c7 c8"
              size="normal"
            >
              3000
            </span>
          </td>
        </tr>
        <tr
          className="MuiTableRow-root"
          role={null}
        >
          <td
            aria-sort={null}
            className="MuiTableCell-root MuiTableCell-body"
          >
            <span
              className="c7 c8"
              size="normal"
            >
              <a
                href="/some_url"
              >
                podinfo
              </a>
            </span>
          </td>
          <td
            aria-sort={null}
            className="MuiTableCell-root MuiTableCell-body"
          >
            <span
              className="c7 c8"
              size="normal"
            >
              Failed
            </span>
          </td>
          <td
            aria-sort={null}
            className="MuiTableCell-root MuiTableCell-body"
          >
            <span
              className="c7 c8"
              size="normal"
            >
              2006-01-02T15:04:05-0700
            </span>
          </td>
          <td
            aria-sort={null}
            className="MuiTableCell-root MuiTableCell-body"
          >
            <span
              className="c7 c8"
              size="normal"
            >
              2000
            </span>
          </td>
        </tr>
        <tr
          className="MuiTableRow-root"
          role={null}
        >
          <td
            aria-sort={null}
            className="MuiTableCell-root MuiTableCell-body"
          >
            <span
              className="c7 c8"
              size="normal"
            >
              <a
                href="/some_url"
              >
                the-cool-app
              </a>
            </span>
          </td>
          <td
            aria-sort={null}
            className="MuiTableCell-root MuiTableCell-body"
          >
            <span
              className="c7 c8"
              size="normal"
            >
              Ready
            </span>
          </td>
          <td
            aria-sort={null}
            className="MuiTableCell-root MuiTableCell-body"
          >
            <span
              className="c7 c8"
              size="normal"
            >
              2005-01-02T15:04:05-0700
            </span>
          </td>
          <td
            aria-sort={null}
            className="MuiTableCell-root MuiTableCell-body"
          >
            <span
              className="c7 c8"
              size="normal"
            >
              1000
            </span>
          </td>
        </tr>
      </tbody>
    </table>
  </div>
  <div
    className="c9"
  />
</div>
`;
